

================================================================
== Vitis HLS Report for 'conv2d_3x3'
================================================================
* Date:           Wed Nov  5 08:17:23 2025

* Version:        2023.2 (Build 4023990 on Oct 11 2023)
* Project:        hls_ip
* Solution:       hls (Vivado IP Flow Target)
* Product family: zynquplus
* Target device:  xczu1cg-sbva484-1-e


================================================================
== Performance Estimates
================================================================
+ Timing: 
    * Summary: 
    +--------+----------+----------+------------+
    |  Clock |  Target  | Estimated| Uncertainty|
    +--------+----------+----------+------------+
    |ap_clk  |  10.00 ns|  6.305 ns|     2.70 ns|
    +--------+----------+----------+------------+

+ Latency: 
    * Summary: 
    +---------+---------+----------+----------+-----+-----+----------+
    |  Latency (cycles) |  Latency (absolute) |  Interval | Pipeline |
    |   min   |   max   |    min   |    max   | min | max |   Type   |
    +---------+---------+----------+----------+-----+-----+----------+
    |        ?|        ?|         ?|         ?|    ?|    ?|  dataflow|
    +---------+---------+----------+----------+-----+-----+----------+

    + Detail: 
        * Instance: 
        +------------------+---------------+---------+---------+----------+----------+--------+--------+---------+
        |                  |               |  Latency (cycles) |  Latency (absolute) |     Interval    | Pipeline|
        |     Instance     |     Module    |   min   |   max   |    min   |    max   |   min  |   max  |   Type  |
        +------------------+---------------+---------+---------+----------+----------+--------+--------+---------+
        |data_unpacket_U0  |data_unpacket  |   324002|   324002|  3.240 ms|  3.240 ms|  324002|  324002|       no|
        |image_filter_U0   |image_filter   |        ?|        ?|         ?|         ?|       ?|       ?|       no|
        |data_packet_U0    |data_packet    |   324003|   324003|  3.240 ms|  3.240 ms|  324003|  324003|       no|
        +------------------+---------------+---------+---------+----------+----------+--------+--------+---------+

        * Loop: 
        N/A



================================================================
== Utilization Estimates
================================================================
* Summary: 
+-----------------+---------+-----+-------+-------+-----+
|       Name      | BRAM_18K| DSP |   FF  |  LUT  | URAM|
+-----------------+---------+-----+-------+-------+-----+
|DSP              |        -|    -|      -|      -|    -|
|Expression       |        -|    -|      -|      -|    -|
|FIFO             |        -|    -|    198|    134|    -|
|Instance         |       30|    -|   2996|   8356|    0|
|Memory           |        -|    -|      -|      -|    -|
|Multiplexer      |        -|    -|      -|      -|    -|
|Register         |        -|    -|      -|      -|    -|
+-----------------+---------+-----+-------+-------+-----+
|Total            |       30|    0|   3194|   8490|    0|
+-----------------+---------+-----+-------+-------+-----+
|Available        |      216|  216|  74880|  37440|    0|
+-----------------+---------+-----+-------+-------+-----+
|Utilization (%)  |       13|    0|      4|     22|    0|
+-----------------+---------+-----+-------+-------+-----+

+ Detail: 
    * Instance: 
    +------------------+---------------+---------+----+------+------+-----+
    |     Instance     |     Module    | BRAM_18K| DSP|  FF  |  LUT | URAM|
    +------------------+---------------+---------+----+------+------+-----+
    |data_packet_U0    |data_packet    |        0|   0|   402|   936|    0|
    |data_unpacket_U0  |data_unpacket  |        0|   0|   401|   582|    0|
    |image_filter_U0   |image_filter   |       30|   0|  2193|  6838|    0|
    +------------------+---------------+---------+----+------+------+-----+
    |Total             |               |       30|   0|  2996|  8356|    0|
    +------------------+---------------+---------+----+------+------+-----+

    * DSP: 
    N/A

    * Memory: 
    N/A

    * FIFO: 
    +------------+---------+----+----+-----+------+-----+---------+
    |    Name    | BRAM_18K| FF | LUT| URAM| Depth| Bits| Size:D*B|
    +------------+---------+----+----+-----+------+-----+---------+
    |input_r_U   |        0|  99|   0|    -|     2|   80|      160|
    |output_r_U  |        0|  99|   0|    -|     2|   80|      160|
    +------------+---------+----+----+-----+------+-----+---------+
    |Total       |        0| 198|   0|    0|     4|  160|      320|
    +------------+---------+----+----+-----+------+-----+---------+

    * Expression: 
    N/A

    * Multiplexer: 
    N/A

    * Register: 
    N/A



================================================================
== Interface
================================================================
* Summary: 
+-----------------+-----+-----+--------------+-------------------+--------------+
|    RTL Ports    | Dir | Bits|   Protocol   |   Source Object   |    C Type    |
+-----------------+-----+-----+--------------+-------------------+--------------+
|data_in_TDATA    |   in|   64|          axis|   data_in_V_data_V|       pointer|
|data_in_TKEEP    |   in|    8|          axis|   data_in_V_keep_V|       pointer|
|data_in_TSTRB    |   in|    8|          axis|   data_in_V_strb_V|       pointer|
|data_in_TLAST    |   in|    1|          axis|   data_in_V_last_V|       pointer|
|data_in_TVALID   |   in|    1|          axis|   data_in_V_last_V|       pointer|
|data_in_TREADY   |  out|    1|          axis|   data_in_V_last_V|       pointer|
|data_out_TDATA   |  out|   64|          axis|  data_out_V_data_V|       pointer|
|data_out_TKEEP   |  out|    8|          axis|  data_out_V_keep_V|       pointer|
|data_out_TSTRB   |  out|    8|          axis|  data_out_V_strb_V|       pointer|
|data_out_TLAST   |  out|    1|          axis|  data_out_V_last_V|       pointer|
|data_out_TVALID  |  out|    1|          axis|  data_out_V_last_V|       pointer|
|data_out_TREADY  |   in|    1|          axis|  data_out_V_last_V|       pointer|
|ap_clk           |   in|    1|  ap_ctrl_none|         conv2d_3x3|  return value|
|ap_rst_n         |   in|    1|  ap_ctrl_none|         conv2d_3x3|  return value|
+-----------------+-----+-----+--------------+-------------------+--------------+

