================================================================
== Design Size Report
================================================================

* Total Instructions per Compilation Phase
+---------------+-----------------------------+--------------+----------------------------------------------------------------------------------------+
| Phase         | Step                        | Instructions | Description                                                                            |
+---------------+-----------------------------+--------------+----------------------------------------------------------------------------------------+
| Compile/Link  |                             |    52        | After all functions are compiled and linked into a single design                       |
|               |                             |              |                                                                                        |
| Unroll/Inline |                             |              | After user unroll and inline pragmas are applied                                       |
|               | (1) unroll                  | 7,242        | user unroll pragmas are applied                                                        |
|               | (2) simplification          | 2,847        | simplification of applied user unroll pragmas                                          |
|               | (3) inline                  | 2,815        | user inline pragmas are applied                                                        |
|               | (4) simplification          | 2,738        | simplification of applied user inline pragmas                                          |
|               |                             |              |                                                                                        |
| Array/Struct  |                             |              | After user array partition and struct aggregate/disaggregate pragmas are applied       |
|               | (1) array partition         | 2,759        | user array partition pragmas are applied                                               |
|               | (2) simplification          | 2,177        | simplification of applied user array partition & struct aggregate/disaggregate pragmas |
|               | (3) aggregate/disaggregate  | 2,177        | user struct aggregate/disaggregate pragmas are applied                                 |
|               | (4) array reshape           | 2,177        | apply array reshape pragmas                                                            |
|               | (5) access patterns         | 2,228        | array access pattern optmizations                                                      |
|               |                             |              |                                                                                        |
| Performance   |                             |              | After transformations are applied to meet performance pragma targets                   |
|               | (1) loop simplification     | 2,231        | loop and instruction simplification                                                    |
|               | (2) parallelization         | 2,281        | loops are unrolled or pipelined to meet performance targets                            |
|               | (3) array partition         | 2,399        | arrays are partitioned to meet performance targets                                     |
|               | (4) simplification          | 2,216        | simplification of design after performance transformations                             |
|               |                             |              |                                                                                        |
| HW Transforms |                             |              | After hardware transfomations                                                          |
|               | (1) lowering                | 2,112        | initial conversion to HW specific instructions                                         |
|               | (2) optimizations           | 2,120        | high level synthesis optimizations                                                     |
+---------------+-----------------------------+--------------+----------------------------------------------------------------------------------------+

* Instructions per Function for each Compilation Phase
+--------------------+--------------------+--------------+-----------------+-----------------+-------------+---------------+
| Function           | Location           | Compile/Link | Unroll/Inline   | Array/Struct    | Performance | HW Transforms |
+--------------------+--------------------+--------------+-----------------+-----------------+-------------+---------------+
| + conv2d_3x3       | conv2d_hls.cpp:224 | 52           | 2,738           | 2,228           | 2,216       | 2,120         |
|    data_unpacket   | conv2d_hls.cpp:128 |              |  100            |  114            |   86        |   78          |
|  + image_filter    | conv2d_hls.cpp:181 |              | 2,577           | 2,016           | 1,903       | 1,907         |
|   + shift_register | conv2d_hls.cpp:53  |              | 2,523 (3 calls) | 1,962 (3 calls) |  578        |  578          |
|      sobelConvolve | conv2d_hls.cpp:26  |              | 1,275 (3 calls) | 1,125 (3 calls) |  375        |  375          |
|    data_packet     | conv2d_hls.cpp:153 |              |   50            |   79            |  196        |   98          |
+--------------------+--------------------+--------------+-----------------+-----------------+-------------+---------------+

* Design Size Message Settings
+---------------------------------------------+--------+------------------------------------------------------------------+
| Message Setting                             | Value  | Description                                                      |
+---------------------------------------------+--------+------------------------------------------------------------------+
| config_compile -design_size_maximum_warning | 100000 | Show a warning when total design instructions exceeds this value |
+---------------------------------------------+--------+------------------------------------------------------------------+


