

================================================================
== Vitis HLS Report for 'image_filter_Pipeline_VITIS_LOOP_188_2'
================================================================
* Date:           Wed Nov  5 08:17:22 2025

* Version:        2023.2 (Build 4023990 on Oct 11 2023)
* Project:        hls_ip
* Solution:       hls (Vivado IP Flow Target)
* Product family: zynquplus
* Target device:  xczu1cg-sbva484-1-e


================================================================
== Performance Estimates
================================================================
+ Timing: 
    * Summary: 
    +--------+----------+----------+------------+
    |  Clock |  Target  | Estimated| Uncertainty|
    +--------+----------+----------+------------+
    |ap_clk  |  10.00 ns|  6.305 ns|     2.70 ns|
    +--------+----------+----------+------------+

+ Latency: 
    * Summary: 
    +---------+---------+----------+----------+-----+-----+---------+
    |  Latency (cycles) |  Latency (absolute) |  Interval | Pipeline|
    |   min   |   max   |    min   |    max   | min | max |   Type  |
    +---------+---------+----------+----------+-----+-----+---------+
    |        ?|        ?|         ?|         ?|    ?|    ?|       no|
    +---------+---------+----------+----------+-----+-----+---------+

    + Detail: 
        * Instance: 
        N/A

        * Loop: 
        +--------------------+---------+---------+----------+-----------+-----------+------+----------+
        |                    |  Latency (cycles) | Iteration|  Initiation Interval  | Trip |          |
        |      Loop Name     |   min   |   max   |  Latency |  achieved |   target  | Count| Pipelined|
        +--------------------+---------+---------+----------+-----------+-----------+------+----------+
        |- VITIS_LOOP_188_2  |        ?|        ?|         7|          1|          1|     ?|       yes|
        +--------------------+---------+---------+----------+-----------+-----------+------+----------+



================================================================
== Utilization Estimates
================================================================
* Summary: 
+-----------------+---------+-----+-------+-------+-----+
|       Name      | BRAM_18K| DSP |   FF  |  LUT  | URAM|
+-----------------+---------+-----+-------+-------+-----+
|DSP              |        -|    -|      -|      -|    -|
|Expression       |        -|    -|      0|   3056|    -|
|FIFO             |        -|    -|      -|      -|    -|
|Instance         |        -|    -|      -|      -|    -|
|Memory           |        -|    -|      -|      -|    -|
|Multiplexer      |        -|    -|      -|    912|    -|
|Register         |        -|    -|   1676|    288|    -|
+-----------------+---------+-----+-------+-------+-----+
|Total            |        0|    0|   1676|   4256|    0|
+-----------------+---------+-----+-------+-------+-----+
|Available        |      216|  216|  74880|  37440|    0|
+-----------------+---------+-----+-------+-------+-----+
|Utilization (%)  |        0|    0|      2|     11|    0|
+-----------------+---------+-----+-------+-------+-----+

+ Detail: 
    * Instance: 
    N/A

    * DSP: 
    N/A

    * Memory: 
    N/A

    * FIFO: 
    N/A

    * Expression: 
    +----------------------------------+----------+----+---+----+------------+------------+
    |           Variable Name          | Operation| DSP| FF| LUT| Bitwidth P0| Bitwidth P1|
    +----------------------------------+----------+----+---+----+------------+------------+
    |add_ln41_16_fu_4431_p2            |         +|   0|  0|  20|          13|          13|
    |add_ln41_17_fu_3181_p2            |         +|   0|  0|  17|          12|          12|
    |add_ln41_18_fu_3201_p2            |         +|   0|  0|  20|          13|          13|
    |add_ln41_19_fu_3333_p2            |         +|   0|  0|  17|          12|          12|
    |add_ln41_20_fu_3353_p2            |         +|   0|  0|  20|          13|          13|
    |add_ln41_21_fu_3485_p2            |         +|   0|  0|  17|          12|          12|
    |add_ln41_22_fu_3505_p2            |         +|   0|  0|  20|          13|          13|
    |add_ln41_23_fu_3637_p2            |         +|   0|  0|  17|          12|          12|
    |add_ln41_24_fu_3657_p2            |         +|   0|  0|  20|          13|          13|
    |add_ln41_25_fu_3789_p2            |         +|   0|  0|  17|          12|          12|
    |add_ln41_26_fu_3809_p2            |         +|   0|  0|  20|          13|          13|
    |add_ln41_27_fu_3941_p2            |         +|   0|  0|  17|          12|          12|
    |add_ln41_28_fu_3961_p2            |         +|   0|  0|  20|          13|          13|
    |add_ln41_29_fu_4093_p2            |         +|   0|  0|  17|          12|          12|
    |add_ln41_30_fu_4113_p2            |         +|   0|  0|  20|          13|          13|
    |add_ln41_31_fu_4245_p2            |         +|   0|  0|  17|          12|          12|
    |add_ln41_32_fu_4265_p2            |         +|   0|  0|  20|          13|          13|
    |add_ln41_33_fu_2069_p2            |         +|   0|  0|  17|          12|          12|
    |add_ln41_34_fu_2089_p2            |         +|   0|  0|  20|          13|          13|
    |add_ln41_35_fu_2221_p2            |         +|   0|  0|  17|          12|          12|
    |add_ln41_36_fu_2241_p2            |         +|   0|  0|  20|          13|          13|
    |add_ln41_37_fu_2373_p2            |         +|   0|  0|  17|          12|          12|
    |add_ln41_38_fu_2393_p2            |         +|   0|  0|  20|          13|          13|
    |add_ln41_39_fu_2525_p2            |         +|   0|  0|  17|          12|          12|
    |add_ln41_40_fu_2545_p2            |         +|   0|  0|  20|          13|          13|
    |add_ln41_41_fu_2677_p2            |         +|   0|  0|  17|          12|          12|
    |add_ln41_42_fu_2697_p2            |         +|   0|  0|  20|          13|          13|
    |add_ln41_43_fu_2829_p2            |         +|   0|  0|  17|          12|          12|
    |add_ln41_44_fu_2849_p2            |         +|   0|  0|  20|          13|          13|
    |add_ln41_45_fu_2981_p2            |         +|   0|  0|  17|          12|          12|
    |add_ln41_46_fu_3001_p2            |         +|   0|  0|  20|          13|          13|
    |add_ln41_fu_4411_p2               |         +|   0|  0|  17|          12|          12|
    |add_ln44_10_fu_3499_p2            |         +|   0|  0|  17|          10|          10|
    |add_ln44_11_fu_3651_p2            |         +|   0|  0|  17|          10|          10|
    |add_ln44_12_fu_3803_p2            |         +|   0|  0|  17|          10|          10|
    |add_ln44_13_fu_3955_p2            |         +|   0|  0|  17|          10|          10|
    |add_ln44_14_fu_4107_p2            |         +|   0|  0|  17|          10|          10|
    |add_ln44_15_fu_4259_p2            |         +|   0|  0|  17|          10|          10|
    |add_ln44_16_fu_2083_p2            |         +|   0|  0|  17|          10|          10|
    |add_ln44_17_fu_2235_p2            |         +|   0|  0|  17|          10|          10|
    |add_ln44_18_fu_2387_p2            |         +|   0|  0|  17|          10|          10|
    |add_ln44_19_fu_2539_p2            |         +|   0|  0|  17|          10|          10|
    |add_ln44_20_fu_2691_p2            |         +|   0|  0|  17|          10|          10|
    |add_ln44_21_fu_2843_p2            |         +|   0|  0|  17|          10|          10|
    |add_ln44_22_fu_2995_p2            |         +|   0|  0|  17|          10|          10|
    |add_ln44_8_fu_3195_p2             |         +|   0|  0|  17|          10|          10|
    |add_ln44_9_fu_3347_p2             |         +|   0|  0|  17|          10|          10|
    |add_ln44_fu_4425_p2               |         +|   0|  0|  17|          10|          10|
    |col_assign_1_fu_1065_p2           |         +|   0|  0|  15|           8|           2|
    |col_assign_2_fu_1142_p2           |         +|   0|  0|  15|           8|           3|
    |col_assign_3_fu_1121_p2           |         +|   0|  0|  15|           8|           2|
    |col_assign_fu_1086_p2             |         +|   0|  0|  15|           8|           3|
    |grp_fu_577_p2                     |         +|   0|  0|  39|          32|           1|
    |sub_ln41_16_fu_4401_p2            |         -|   0|  0|  17|          12|          12|
    |sub_ln41_17_fu_3161_p2            |         -|   0|  0|  18|          11|          11|
    |sub_ln41_18_fu_3171_p2            |         -|   0|  0|  17|          12|          12|
    |sub_ln41_19_fu_3313_p2            |         -|   0|  0|  18|          11|          11|
    |sub_ln41_20_fu_3323_p2            |         -|   0|  0|  17|          12|          12|
    |sub_ln41_21_fu_3465_p2            |         -|   0|  0|  18|          11|          11|
    |sub_ln41_22_fu_3475_p2            |         -|   0|  0|  17|          12|          12|
    |sub_ln41_23_fu_3617_p2            |         -|   0|  0|  18|          11|          11|
    |sub_ln41_24_fu_3627_p2            |         -|   0|  0|  17|          12|          12|
    |sub_ln41_25_fu_3769_p2            |         -|   0|  0|  18|          11|          11|
    |sub_ln41_26_fu_3779_p2            |         -|   0|  0|  17|          12|          12|
    |sub_ln41_27_fu_3921_p2            |         -|   0|  0|  18|          11|          11|
    |sub_ln41_28_fu_3931_p2            |         -|   0|  0|  17|          12|          12|
    |sub_ln41_29_fu_4073_p2            |         -|   0|  0|  18|          11|          11|
    |sub_ln41_30_fu_4083_p2            |         -|   0|  0|  17|          12|          12|
    |sub_ln41_31_fu_4225_p2            |         -|   0|  0|  18|          11|          11|
    |sub_ln41_32_fu_4235_p2            |         -|   0|  0|  17|          12|          12|
    |sub_ln41_33_fu_2049_p2            |         -|   0|  0|  18|          11|          11|
    |sub_ln41_34_fu_2059_p2            |         -|   0|  0|  17|          12|          12|
    |sub_ln41_35_fu_2201_p2            |         -|   0|  0|  18|          11|          11|
    |sub_ln41_36_fu_2211_p2            |         -|   0|  0|  17|          12|          12|
    |sub_ln41_37_fu_2353_p2            |         -|   0|  0|  18|          11|          11|
    |sub_ln41_38_fu_2363_p2            |         -|   0|  0|  17|          12|          12|
    |sub_ln41_39_fu_2505_p2            |         -|   0|  0|  18|          11|          11|
    |sub_ln41_40_fu_2515_p2            |         -|   0|  0|  17|          12|          12|
    |sub_ln41_41_fu_2657_p2            |         -|   0|  0|  18|          11|          11|
    |sub_ln41_42_fu_2667_p2            |         -|   0|  0|  17|          12|          12|
    |sub_ln41_43_fu_2809_p2            |         -|   0|  0|  18|          11|          11|
    |sub_ln41_44_fu_2819_p2            |         -|   0|  0|  17|          12|          12|
    |sub_ln41_45_fu_2961_p2            |         -|   0|  0|  18|          11|          11|
    |sub_ln41_46_fu_2971_p2            |         -|   0|  0|  17|          12|          12|
    |sub_ln41_fu_4391_p2               |         -|   0|  0|  18|          11|          11|
    |tmp163_fu_3131_p2                 |         -|   0|  0|  18|          11|          11|
    |tmp166_fu_3283_p2                 |         -|   0|  0|  18|          11|          11|
    |tmp169_fu_3435_p2                 |         -|   0|  0|  18|          11|          11|
    |tmp172_fu_3587_p2                 |         -|   0|  0|  18|          11|          11|
    |tmp175_fu_3739_p2                 |         -|   0|  0|  18|          11|          11|
    |tmp178_fu_3891_p2                 |         -|   0|  0|  18|          11|          11|
    |tmp181_fu_4043_p2                 |         -|   0|  0|  18|          11|          11|
    |tmp184_fu_4195_p2                 |         -|   0|  0|  18|          11|          11|
    |tmp187_fu_2019_p2                 |         -|   0|  0|  18|          11|          11|
    |tmp190_fu_2171_p2                 |         -|   0|  0|  18|          11|          11|
    |tmp193_fu_2323_p2                 |         -|   0|  0|  18|          11|          11|
    |tmp196_fu_2475_p2                 |         -|   0|  0|  18|          11|          11|
    |tmp199_fu_2627_p2                 |         -|   0|  0|  18|          11|          11|
    |tmp202_fu_2779_p2                 |         -|   0|  0|  18|          11|          11|
    |tmp205_fu_2931_p2                 |         -|   0|  0|  18|          11|          11|
    |tmp_fu_4361_p2                    |         -|   0|  0|  18|          11|          11|
    |and_ln193_fu_1030_p2              |       and|   0|  0|   2|           1|           1|
    |ap_block_state1_pp0_stage0_iter0  |       and|   0|  0|   2|           1|           1|
    |ap_condition_1008                 |       and|   0|  0|   2|           1|           1|
    |ap_condition_1012                 |       and|   0|  0|   2|           1|           1|
    |ap_condition_1019                 |       and|   0|  0|   2|           1|           1|
    |ap_condition_1061                 |       and|   0|  0|   2|           1|           1|
    |ap_condition_1076                 |       and|   0|  0|   2|           1|           1|
    |ap_condition_3197                 |       and|   0|  0|   2|           1|           1|
    |ap_condition_3204                 |       and|   0|  0|   2|           1|           1|
    |ap_condition_381                  |       and|   0|  0|   2|           1|           1|
    |ap_condition_382                  |       and|   0|  0|   2|           1|           1|
    |ap_condition_390                  |       and|   0|  0|   2|           1|           1|
    |ap_condition_391                  |       and|   0|  0|   2|           1|           1|
    |ap_condition_417                  |       and|   0|  0|   2|           1|           1|
    |ap_condition_646                  |       and|   0|  0|   2|           1|           1|
    |ap_condition_663                  |       and|   0|  0|   2|           1|           1|
    |ap_condition_664                  |       and|   0|  0|   2|           1|           1|
    |ap_condition_667                  |       and|   0|  0|   2|           1|           1|
    |ap_condition_668                  |       and|   0|  0|   2|           1|           1|
    |ap_condition_671                  |       and|   0|  0|   2|           1|           1|
    |ap_condition_674                  |       and|   0|  0|   2|           1|           1|
    |ap_condition_689                  |       and|   0|  0|   2|           1|           1|
    |ap_condition_692                  |       and|   0|  0|   2|           1|           1|
    |ap_condition_697                  |       and|   0|  0|   2|           1|           1|
    |ap_condition_700                  |       and|   0|  0|   2|           1|           1|
    |ap_condition_704                  |       and|   0|  0|   2|           1|           1|
    |ap_condition_707                  |       and|   0|  0|   2|           1|           1|
    |ap_condition_712                  |       and|   0|  0|   2|           1|           1|
    |ap_condition_715                  |       and|   0|  0|   2|           1|           1|
    |ap_condition_722                  |       and|   0|  0|   2|           1|           1|
    |ap_condition_999                  |       and|   0|  0|   2|           1|           1|
    |ap_predicate_op854_write_state7   |       and|   0|  0|   2|           1|           1|
    |ap_predicate_op889_write_state7   |       and|   0|  0|   2|           1|           1|
    |tmp_s_nbreadreq_fu_242_p3         |       and|   0|  0|   2|           1|           0|
    |cmp97_i_fu_1024_p2                |      icmp|   0|  0|  18|          11|           1|
    |grp_fu_567_p2                     |      icmp|   0|  0|  39|          32|           1|
    |grp_fu_572_p2                     |      icmp|   0|  0|  39|          32|           1|
    |icmp_ln210_fu_1044_p2             |      icmp|   0|  0|  39|          32|           8|
    |icmp_ln46_10_fu_3533_p2           |      icmp|   0|  0|  10|           3|           1|
    |icmp_ln46_11_fu_3685_p2           |      icmp|   0|  0|  10|           3|           1|
    |icmp_ln46_12_fu_3837_p2           |      icmp|   0|  0|  10|           3|           1|
    |icmp_ln46_13_fu_3989_p2           |      icmp|   0|  0|  10|           3|           1|
    |icmp_ln46_14_fu_4141_p2           |      icmp|   0|  0|  10|           3|           1|
    |icmp_ln46_15_fu_4293_p2           |      icmp|   0|  0|  10|           3|           1|
    |icmp_ln46_16_fu_2117_p2           |      icmp|   0|  0|  10|           3|           1|
    |icmp_ln46_17_fu_2269_p2           |      icmp|   0|  0|  10|           3|           1|
    |icmp_ln46_18_fu_2421_p2           |      icmp|   0|  0|  10|           3|           1|
    |icmp_ln46_19_fu_2573_p2           |      icmp|   0|  0|  10|           3|           1|
    |icmp_ln46_20_fu_2725_p2           |      icmp|   0|  0|  10|           3|           1|
    |icmp_ln46_21_fu_2877_p2           |      icmp|   0|  0|  10|           3|           1|
    |icmp_ln46_22_fu_3029_p2           |      icmp|   0|  0|  10|           3|           1|
    |icmp_ln46_8_fu_3229_p2            |      icmp|   0|  0|  10|           3|           1|
    |icmp_ln46_9_fu_3381_p2            |      icmp|   0|  0|  10|           3|           1|
    |icmp_ln46_fu_4459_p2              |      icmp|   0|  0|  10|           3|           1|
    |ap_block_pp0_stage0_01001         |        or|   0|  0|   2|           1|           1|
    |ap_block_state7_pp0_stage0_iter6  |        or|   0|  0|   2|           1|           1|
    |or_ln44_10_fu_3553_p2             |        or|   0|  0|   2|           1|           1|
    |or_ln44_11_fu_3705_p2             |        or|   0|  0|   2|           1|           1|
    |or_ln44_12_fu_3857_p2             |        or|   0|  0|   2|           1|           1|
    |or_ln44_13_fu_4009_p2             |        or|   0|  0|   2|           1|           1|
    |or_ln44_14_fu_4161_p2             |        or|   0|  0|   2|           1|           1|
    |or_ln44_15_fu_4313_p2             |        or|   0|  0|   2|           1|           1|
    |or_ln44_16_fu_2137_p2             |        or|   0|  0|   2|           1|           1|
    |or_ln44_17_fu_2289_p2             |        or|   0|  0|   2|           1|           1|
    |or_ln44_18_fu_2441_p2             |        or|   0|  0|   2|           1|           1|
    |or_ln44_19_fu_2593_p2             |        or|   0|  0|   2|           1|           1|
    |or_ln44_20_fu_2745_p2             |        or|   0|  0|   2|           1|           1|
    |or_ln44_21_fu_2897_p2             |        or|   0|  0|   2|           1|           1|
    |or_ln44_22_fu_3049_p2             |        or|   0|  0|   2|           1|           1|
    |or_ln44_8_fu_3249_p2              |        or|   0|  0|   2|           1|           1|
    |or_ln44_9_fu_3401_p2              |        or|   0|  0|   2|           1|           1|
    |or_ln44_fu_4479_p2                |        or|   0|  0|   2|           1|           1|
    |grp_fu_582_p3                     |    select|   0|  0|  79|           1|          80|
    |grp_fu_601_p3                     |    select|   0|  0|  79|           1|          80|
    |grp_fu_620_p3                     |    select|   0|  0|  79|           1|          80|
    |grp_fu_909_p3                     |    select|   0|  0|  79|           1|          80|
    |select_ln117_10_fu_1581_p3        |    select|   0|  0|   9|           1|          10|
    |select_ln117_11_fu_1588_p3        |    select|   0|  0|   9|           1|          10|
    |select_ln117_12_fu_1595_p3        |    select|   0|  0|   9|           1|          10|
    |select_ln117_13_fu_1602_p3        |    select|   0|  0|   9|           1|          10|
    |select_ln117_14_fu_1609_p3        |    select|   0|  0|   9|           1|          10|
    |select_ln117_15_fu_1616_p3        |    select|   0|  0|   9|           1|          10|
    |select_ln117_16_fu_1623_p3        |    select|   0|  0|   9|           1|          10|
    |select_ln117_17_fu_1630_p3        |    select|   0|  0|   9|           1|          10|
    |select_ln117_9_fu_1574_p3         |    select|   0|  0|   9|           1|          10|
    |select_ln117_fu_3078_p3           |    select|   0|  0|   9|           1|          10|
    |select_ln119_10_fu_1650_p3        |    select|   0|  0|   9|           1|          10|
    |select_ln119_11_fu_1656_p3        |    select|   0|  0|   9|           1|          10|
    |select_ln119_12_fu_1662_p3        |    select|   0|  0|   9|           1|          10|
    |select_ln119_13_fu_1668_p3        |    select|   0|  0|   9|           1|          10|
    |select_ln119_14_fu_1674_p3        |    select|   0|  0|   9|           1|          10|
    |select_ln119_15_fu_1680_p3        |    select|   0|  0|   9|           1|          10|
    |select_ln119_16_fu_1686_p3        |    select|   0|  0|   9|           1|          10|
    |select_ln119_17_fu_1692_p3        |    select|   0|  0|   9|           1|          10|
    |select_ln119_9_fu_1644_p3         |    select|   0|  0|   9|           1|          10|
    |select_ln119_fu_1637_p3           |    select|   0|  0|   9|           1|          10|
    |select_ln44_10_fu_3559_p3         |    select|   0|  0|   9|           1|          10|
    |select_ln44_11_fu_3711_p3         |    select|   0|  0|   9|           1|          10|
    |select_ln44_12_fu_3863_p3         |    select|   0|  0|   9|           1|          10|
    |select_ln44_13_fu_4015_p3         |    select|   0|  0|   9|           1|          10|
    |select_ln44_14_fu_4167_p3         |    select|   0|  0|   9|           1|          10|
    |select_ln44_15_fu_4319_p3         |    select|   0|  0|   9|           1|          10|
    |select_ln44_16_fu_2143_p3         |    select|   0|  0|   9|           1|          10|
    |select_ln44_17_fu_2295_p3         |    select|   0|  0|   9|           1|          10|
    |select_ln44_18_fu_2447_p3         |    select|   0|  0|   9|           1|          10|
    |select_ln44_19_fu_2599_p3         |    select|   0|  0|   9|           1|          10|
    |select_ln44_20_fu_2751_p3         |    select|   0|  0|   9|           1|          10|
    |select_ln44_21_fu_2903_p3         |    select|   0|  0|   9|           1|          10|
    |select_ln44_22_fu_3055_p3         |    select|   0|  0|   9|           1|          10|
    |select_ln44_23_fu_4471_p3         |    select|   0|  0|   2|           1|           2|
    |select_ln44_24_fu_3241_p3         |    select|   0|  0|   2|           1|           2|
    |select_ln44_25_fu_3393_p3         |    select|   0|  0|   2|           1|           2|
    |select_ln44_26_fu_3545_p3         |    select|   0|  0|   2|           1|           2|
    |select_ln44_27_fu_3697_p3         |    select|   0|  0|   2|           1|           2|
    |select_ln44_28_fu_3849_p3         |    select|   0|  0|   2|           1|           2|
    |select_ln44_29_fu_4001_p3         |    select|   0|  0|   2|           1|           2|
    |select_ln44_30_fu_4153_p3         |    select|   0|  0|   2|           1|           2|
    |select_ln44_31_fu_4305_p3         |    select|   0|  0|   2|           1|           2|
    |select_ln44_32_fu_2129_p3         |    select|   0|  0|   2|           1|           2|
    |select_ln44_33_fu_2281_p3         |    select|   0|  0|   2|           1|           2|
    |select_ln44_34_fu_2433_p3         |    select|   0|  0|   2|           1|           2|
    |select_ln44_35_fu_2585_p3         |    select|   0|  0|   2|           1|           2|
    |select_ln44_36_fu_2737_p3         |    select|   0|  0|   2|           1|           2|
    |select_ln44_37_fu_2889_p3         |    select|   0|  0|   2|           1|           2|
    |select_ln44_38_fu_3041_p3         |    select|   0|  0|   2|           1|           2|
    |select_ln44_8_fu_3255_p3          |    select|   0|  0|   9|           1|          10|
    |select_ln44_9_fu_3407_p3          |    select|   0|  0|   9|           1|          10|
    |select_ln44_fu_4485_p3            |    select|   0|  0|   9|           1|          10|
    |select_ln91_1_fu_3071_p3          |    select|   0|  0|   9|           1|          10|
    |select_ln91_2_fu_1554_p3          |    select|   0|  0|   9|           1|          10|
    |select_ln91_3_fu_1567_p3          |    select|   0|  0|   9|           1|          10|
    |select_ln91_4_fu_1147_p3          |    select|   0|  0|   8|           1|           1|
    |select_ln91_5_fu_1964_p3          |    select|   0|  0|   9|           1|          10|
    |select_ln91_6_fu_1273_p3          |    select|   0|  0|   9|           1|          10|
    |select_ln91_fu_1091_p3            |    select|   0|  0|   8|           1|           1|
    |select_ln92_2_fu_1178_p3          |    select|   0|  0|  79|           1|          80|
    |ap_enable_pp0                     |       xor|   0|  0|   2|           1|           2|
    |xor_ln44_10_fu_3539_p2            |       xor|   0|  0|   2|           1|           2|
    |xor_ln44_11_fu_3691_p2            |       xor|   0|  0|   2|           1|           2|
    |xor_ln44_12_fu_3843_p2            |       xor|   0|  0|   2|           1|           2|
    |xor_ln44_13_fu_3995_p2            |       xor|   0|  0|   2|           1|           2|
    |xor_ln44_14_fu_4147_p2            |       xor|   0|  0|   2|           1|           2|
    |xor_ln44_15_fu_4299_p2            |       xor|   0|  0|   2|           1|           2|
    |xor_ln44_16_fu_2123_p2            |       xor|   0|  0|   2|           1|           2|
    |xor_ln44_17_fu_2275_p2            |       xor|   0|  0|   2|           1|           2|
    |xor_ln44_18_fu_2427_p2            |       xor|   0|  0|   2|           1|           2|
    |xor_ln44_19_fu_2579_p2            |       xor|   0|  0|   2|           1|           2|
    |xor_ln44_20_fu_2731_p2            |       xor|   0|  0|   2|           1|           2|
    |xor_ln44_21_fu_2883_p2            |       xor|   0|  0|   2|           1|           2|
    |xor_ln44_22_fu_3035_p2            |       xor|   0|  0|   2|           1|           2|
    |xor_ln44_8_fu_3235_p2             |       xor|   0|  0|   2|           1|           2|
    |xor_ln44_9_fu_3387_p2             |       xor|   0|  0|   2|           1|           2|
    |xor_ln44_fu_4465_p2               |       xor|   0|  0|   2|           1|           2|
    +----------------------------------+----------+----+---+----+------------+------------+
    |Total                             |          |   0|  0|3056|        1456|        2071|
    +----------------------------------+----------+----+---+----+------------+------------+

    * Multiplexer: 
    +----------------------------------+----+-----------+-----+-----------+
    |               Name               | LUT| Input Size| Bits| Total Bits|
    +----------------------------------+----+-----------+-----+-----------+
    |ap_done_int                       |   9|          2|    1|          2|
    |ap_loop_exit_ready_pp0_iter6_reg  |   9|          2|    1|          2|
    |ap_sig_allocacmp_col_3            |   9|          2|   32|         64|
    |ap_sig_allocacmp_col_6            |  14|          3|   32|         96|
    |col_fu_220                        |   9|          2|   32|         64|
    |input_r_blk_n                     |   9|          2|    1|          2|
    |linebuf_0_0_address0              |  26|          5|    7|         35|
    |linebuf_0_0_address1              |  14|          3|    7|         21|
    |linebuf_0_1_address0              |  26|          5|    7|         35|
    |linebuf_0_1_address1              |  14|          3|    7|         21|
    |linebuf_1_0_address0              |  26|          5|    7|         35|
    |linebuf_1_0_address1              |  14|          3|    7|         21|
    |linebuf_1_1_address0              |  26|          5|    7|         35|
    |linebuf_1_1_address1              |  14|          3|    7|         21|
    |linebuf_2_0_address0              |  20|          4|    7|         28|
    |linebuf_2_0_d0                    |  14|          3|   80|        240|
    |linebuf_2_1_address0              |  20|          4|    7|         28|
    |linebuf_2_1_d0                    |  14|          3|   80|        240|
    |output_r_blk_n                    |   9|          2|    1|          2|
    |output_r_din                      |  14|          3|   80|        240|
    |window_adjust_0_0_0_o             |  14|          3|   10|         30|
    |window_adjust_0_0_1_o             |  14|          3|   10|         30|
    |window_adjust_0_0_2_o             |  14|          3|   10|         30|
    |window_adjust_0_0_3_o             |  14|          3|   10|         30|
    |window_adjust_0_0_4_o             |  14|          3|   10|         30|
    |window_adjust_0_0_5_o             |  14|          3|   10|         30|
    |window_adjust_0_0_6_o             |  14|          3|   10|         30|
    |window_adjust_0_0_7_o             |  14|          3|   10|         30|
    |window_adjust_0_2_0_o             |  14|          3|   10|         30|
    |window_adjust_0_2_1_o             |  14|          3|   10|         30|
    |window_adjust_0_2_2_o             |  14|          3|   10|         30|
    |window_adjust_0_2_3_o             |  14|          3|   10|         30|
    |window_adjust_0_2_4_o             |  14|          3|   10|         30|
    |window_adjust_0_2_5_o             |  14|          3|   10|         30|
    |window_adjust_0_2_6_o             |  14|          3|   10|         30|
    |window_adjust_0_2_7_o             |  14|          3|   10|         30|
    |window_adjust_1_0_0_o             |  14|          3|   10|         30|
    |window_adjust_1_0_1_o             |   9|          2|   10|         20|
    |window_adjust_1_0_2_o             |   9|          2|   10|         20|
    |window_adjust_1_0_3_o             |   9|          2|   10|         20|
    |window_adjust_1_0_4_o             |   9|          2|   10|         20|
    |window_adjust_1_0_5_o             |   9|          2|   10|         20|
    |window_adjust_1_0_6_o             |   9|          2|   10|         20|
    |window_adjust_1_0_7_o             |   9|          2|   10|         20|
    |window_adjust_1_2_0_o             |   9|          2|   10|         20|
    |window_adjust_1_2_1_o             |   9|          2|   10|         20|
    |window_adjust_1_2_2_o             |   9|          2|   10|         20|
    |window_adjust_1_2_3_o             |   9|          2|   10|         20|
    |window_adjust_1_2_4_o             |   9|          2|   10|         20|
    |window_adjust_1_2_5_o             |   9|          2|   10|         20|
    |window_adjust_1_2_6_o             |  14|          3|   10|         30|
    |window_adjust_1_2_7_o             |   9|          2|   10|         20|
    |window_adjust_2_0_0_o             |  14|          3|   10|         30|
    |window_adjust_2_0_1_o             |  14|          3|   10|         30|
    |window_adjust_2_0_2_o             |  14|          3|   10|         30|
    |window_adjust_2_0_3_o             |  14|          3|   10|         30|
    |window_adjust_2_0_4_o             |  14|          3|   10|         30|
    |window_adjust_2_0_5_o             |  14|          3|   10|         30|
    |window_adjust_2_0_6_o             |  14|          3|   10|         30|
    |window_adjust_2_0_7_o             |  14|          3|   10|         30|
    |window_adjust_2_2_0_o             |  14|          3|   10|         30|
    |window_adjust_2_2_1_o             |  14|          3|   10|         30|
    |window_adjust_2_2_2_o             |  14|          3|   10|         30|
    |window_adjust_2_2_3_o             |  14|          3|   10|         30|
    |window_adjust_2_2_4_o             |  14|          3|   10|         30|
    |window_adjust_2_2_5_o             |  14|          3|   10|         30|
    |window_adjust_2_2_6_o             |  14|          3|   10|         30|
    |window_adjust_2_2_7_o             |  14|          3|   10|         30|
    +----------------------------------+----+-----------+-----+-----------+
    |Total                             | 912|        194|  890|       2532|
    +----------------------------------+----+-----------+-----+-----------+

    * Register: 
    +-------------------------------------------+----+----+-----+-----------+
    |                    Name                   | FF | LUT| Bits| Const Bits|
    +-------------------------------------------+----+----+-----+-----------+
    |and_ln193_reg_4595                         |   1|   0|    1|          0|
    |ap_CS_fsm                                  |   1|   0|    1|          0|
    |ap_done_reg                                |   1|   0|    1|          0|
    |ap_enable_reg_pp0_iter1                    |   1|   0|    1|          0|
    |ap_enable_reg_pp0_iter2                    |   1|   0|    1|          0|
    |ap_enable_reg_pp0_iter3                    |   1|   0|    1|          0|
    |ap_enable_reg_pp0_iter4                    |   1|   0|    1|          0|
    |ap_enable_reg_pp0_iter5                    |   1|   0|    1|          0|
    |ap_enable_reg_pp0_iter6                    |   1|   0|    1|          0|
    |ap_loop_exit_ready_pp0_iter1_reg           |   1|   0|    1|          0|
    |ap_loop_exit_ready_pp0_iter2_reg           |   1|   0|    1|          0|
    |ap_loop_exit_ready_pp0_iter3_reg           |   1|   0|    1|          0|
    |ap_loop_exit_ready_pp0_iter4_reg           |   1|   0|    1|          0|
    |ap_loop_exit_ready_pp0_iter5_reg           |   1|   0|    1|          0|
    |ap_loop_exit_ready_pp0_iter6_reg           |   1|   0|    1|          0|
    |cmp4_i13_reg_4560                          |   1|   0|    1|          0|
    |cmp4_i13_reg_4560_pp0_iter1_reg            |   1|   0|    1|          0|
    |cmp4_i_reg_4576                            |   1|   0|    1|          0|
    |cmp97_i_reg_4581                           |   1|   0|    1|          0|
    |col_fu_220                                 |  32|   0|   32|          0|
    |icmp_ln65_1_reg_4556                       |   1|   0|    1|          0|
    |icmp_ln65_reg_4572                         |   1|   0|    1|          0|
    |input_read_reg_4565                        |  80|   0|   80|          0|
    |linebuf_0_0_addr_1_reg_4603                |   7|   0|    7|          0|
    |linebuf_0_0_addr_1_reg_4603_pp0_iter2_reg  |   7|   0|    7|          0|
    |linebuf_0_0_addr_reg_4633                  |   7|   0|    7|          0|
    |linebuf_0_0_addr_reg_4633_pp0_iter2_reg    |   7|   0|    7|          0|
    |linebuf_0_1_addr_1_reg_4608                |   7|   0|    7|          0|
    |linebuf_0_1_addr_1_reg_4608_pp0_iter2_reg  |   7|   0|    7|          0|
    |linebuf_0_1_addr_reg_4638                  |   7|   0|    7|          0|
    |linebuf_0_1_addr_reg_4638_pp0_iter2_reg    |   7|   0|    7|          0|
    |linebuf_1_0_addr_1_reg_4613                |   7|   0|    7|          0|
    |linebuf_1_0_addr_reg_4643                  |   7|   0|    7|          0|
    |linebuf_1_1_addr_1_reg_4618                |   7|   0|    7|          0|
    |linebuf_1_1_addr_reg_4648                  |   7|   0|    7|          0|
    |linebuf_2_0_load_2_reg_4809                |  80|   0|   80|          0|
    |linebuf_2_0_load_3_reg_4753                |  80|   0|   80|          0|
    |linebuf_2_1_load_2_reg_4814                |  80|   0|   80|          0|
    |linebuf_2_1_load_3_reg_4758                |  80|   0|   80|          0|
    |lshr_ln1_reg_4688                          |   7|   0|    7|          0|
    |lshr_ln91_1_reg_4720                       |   7|   0|    7|          0|
    |lshr_ln_reg_4547                           |   7|   0|    7|          0|
    |p_cast172_reg_4698                         |   7|   0|   64|         57|
    |p_cast_reg_4663                            |   7|   0|   64|         57|
    |p_cast_reg_4663_pp0_iter2_reg              |   7|   0|   64|         57|
    |reg_889                                    |  10|   0|   10|          0|
    |reg_889_pp0_iter3_reg                      |  10|   0|   10|          0|
    |reg_893                                    |  10|   0|   10|          0|
    |reg_897                                    |  80|   0|   80|          0|
    |reg_901                                    |  80|   0|   80|          0|
    |reg_905                                    |  10|   0|   10|          0|
    |reg_986                                    |  10|   0|   10|          0|
    |select_ln119_10_reg_4896                   |  10|   0|   10|          0|
    |select_ln119_reg_4891                      |  10|   0|   10|          0|
    |select_ln44_10_reg_4946                    |  10|   0|   10|          0|
    |select_ln44_11_reg_4951                    |  10|   0|   10|          0|
    |select_ln44_12_reg_4956                    |  10|   0|   10|          0|
    |select_ln44_13_reg_4961                    |  10|   0|   10|          0|
    |select_ln44_14_reg_4966                    |  10|   0|   10|          0|
    |select_ln44_16_reg_4901                    |  10|   0|   10|          0|
    |select_ln44_17_reg_4906                    |  10|   0|   10|          0|
    |select_ln44_18_reg_4911                    |  10|   0|   10|          0|
    |select_ln44_19_reg_4916                    |  10|   0|   10|          0|
    |select_ln44_20_reg_4921                    |  10|   0|   10|          0|
    |select_ln44_21_reg_4926                    |  10|   0|   10|          0|
    |select_ln44_22_reg_4931                    |  10|   0|   10|          0|
    |select_ln44_8_reg_4936                     |  10|   0|   10|          0|
    |select_ln44_9_reg_4941                     |  10|   0|   10|          0|
    |select_ln91_2_reg_4885                     |  10|   0|   10|          0|
    |select_ln91_6_reg_4869                     |  10|   0|   10|          0|
    |tmp_18_reg_4819                            |  10|   0|   10|          0|
    |tmp_19_reg_4824                            |  10|   0|   10|          0|
    |tmp_20_reg_4829                            |  10|   0|   10|          0|
    |tmp_21_reg_4834                            |  10|   0|   10|          0|
    |tmp_22_reg_4839                            |  10|   0|   10|          0|
    |tmp_23_reg_4844                            |  10|   0|   10|          0|
    |tmp_24_reg_4849                            |  10|   0|   10|          0|
    |tmp_25_reg_4693                            |  10|   0|   10|          0|
    |tmp_s_reg_4552                             |   1|   0|    1|          0|
    |trunc_ln105_4_reg_4854                     |  10|   0|   10|          0|
    |trunc_ln189_1_reg_4539                     |   8|   0|    8|          0|
    |trunc_ln189_1_reg_4539_pp0_iter1_reg       |   8|   0|    8|          0|
    |trunc_ln189_reg_4530                       |   1|   0|    1|          0|
    |trunc_ln91_7_reg_4714                      |   1|   0|    1|          0|
    |trunc_ln91_reg_4681                        |   1|   0|    1|          0|
    |zext_ln91_1_reg_4773                       |   7|   0|   64|         57|
    |zext_ln91_reg_4735                         |   7|   0|   64|         57|
    |zext_ln91_reg_4735_pp0_iter3_reg           |   7|   0|   64|         57|
    |and_ln193_reg_4595                         |  64|  32|    1|          0|
    |cmp97_i_reg_4581                           |  64|  32|    1|          0|
    |icmp_ln65_1_reg_4556                       |  64|  32|    1|          0|
    |icmp_ln65_reg_4572                         |  64|  32|    1|          0|
    |tmp_25_reg_4693                            |  64|  32|   10|          0|
    |tmp_s_reg_4552                             |  64|  32|    1|          0|
    |trunc_ln189_reg_4530                       |  64|  32|    1|          0|
    |trunc_ln91_7_reg_4714                      |  64|  32|    1|          0|
    |trunc_ln91_reg_4681                        |  64|  32|    1|          0|
    +-------------------------------------------+----+----+-----+-----------+
    |Total                                      |1676| 288| 1460|        342|
    +-------------------------------------------+----+----+-----+-----------+



================================================================
== Interface
================================================================
* Summary: 
+------------------------------+-----+-----+------------+----------------------------------------+--------------+
|           RTL Ports          | Dir | Bits|  Protocol  |              Source Object             |    C Type    |
+------------------------------+-----+-----+------------+----------------------------------------+--------------+
|ap_clk                        |   in|    1|  ap_ctrl_hs|  image_filter_Pipeline_VITIS_LOOP_188_2|  return value|
|ap_rst                        |   in|    1|  ap_ctrl_hs|  image_filter_Pipeline_VITIS_LOOP_188_2|  return value|
|ap_start                      |   in|    1|  ap_ctrl_hs|  image_filter_Pipeline_VITIS_LOOP_188_2|  return value|
|ap_done                       |  out|    1|  ap_ctrl_hs|  image_filter_Pipeline_VITIS_LOOP_188_2|  return value|
|ap_idle                       |  out|    1|  ap_ctrl_hs|  image_filter_Pipeline_VITIS_LOOP_188_2|  return value|
|ap_ready                      |  out|    1|  ap_ctrl_hs|  image_filter_Pipeline_VITIS_LOOP_188_2|  return value|
|input_r_dout                  |   in|   80|     ap_fifo|                                 input_r|       pointer|
|input_r_num_data_valid        |   in|    3|     ap_fifo|                                 input_r|       pointer|
|input_r_fifo_cap              |   in|    3|     ap_fifo|                                 input_r|       pointer|
|input_r_empty_n               |   in|    1|     ap_fifo|                                 input_r|       pointer|
|input_r_read                  |  out|    1|     ap_fifo|                                 input_r|       pointer|
|output_r_din                  |  out|   80|     ap_fifo|                                output_r|       pointer|
|output_r_num_data_valid       |   in|    3|     ap_fifo|                                output_r|       pointer|
|output_r_fifo_cap             |   in|    3|     ap_fifo|                                output_r|       pointer|
|output_r_full_n               |   in|    1|     ap_fifo|                                output_r|       pointer|
|output_r_write                |  out|    1|     ap_fifo|                                output_r|       pointer|
|cmp                           |   in|    1|     ap_none|                                     cmp|        scalar|
|row                           |   in|   11|     ap_none|                                     row|        scalar|
|cmp4                          |   in|    1|     ap_none|                                    cmp4|        scalar|
|window_adjust_0_0_0_i         |   in|   10|     ap_ovld|                     window_adjust_0_0_0|       pointer|
|window_adjust_0_0_0_o         |  out|   10|     ap_ovld|                     window_adjust_0_0_0|       pointer|
|window_adjust_0_0_0_o_ap_vld  |  out|    1|     ap_ovld|                     window_adjust_0_0_0|       pointer|
|window_adjust_0_2_0_i         |   in|   10|     ap_ovld|                     window_adjust_0_2_0|       pointer|
|window_adjust_0_2_0_o         |  out|   10|     ap_ovld|                     window_adjust_0_2_0|       pointer|
|window_adjust_0_2_0_o_ap_vld  |  out|    1|     ap_ovld|                     window_adjust_0_2_0|       pointer|
|window_adjust_1_0_0_i         |   in|   10|     ap_ovld|                     window_adjust_1_0_0|       pointer|
|window_adjust_1_0_0_o         |  out|   10|     ap_ovld|                     window_adjust_1_0_0|       pointer|
|window_adjust_1_0_0_o_ap_vld  |  out|    1|     ap_ovld|                     window_adjust_1_0_0|       pointer|
|window_adjust_1_2_0_i         |   in|   10|     ap_ovld|                     window_adjust_1_2_0|       pointer|
|window_adjust_1_2_0_o         |  out|   10|     ap_ovld|                     window_adjust_1_2_0|       pointer|
|window_adjust_1_2_0_o_ap_vld  |  out|    1|     ap_ovld|                     window_adjust_1_2_0|       pointer|
|window_adjust_2_0_0_i         |   in|   10|     ap_ovld|                     window_adjust_2_0_0|       pointer|
|window_adjust_2_0_0_o         |  out|   10|     ap_ovld|                     window_adjust_2_0_0|       pointer|
|window_adjust_2_0_0_o_ap_vld  |  out|    1|     ap_ovld|                     window_adjust_2_0_0|       pointer|
|window_adjust_2_2_0_i         |   in|   10|     ap_ovld|                     window_adjust_2_2_0|       pointer|
|window_adjust_2_2_0_o         |  out|   10|     ap_ovld|                     window_adjust_2_2_0|       pointer|
|window_adjust_2_2_0_o_ap_vld  |  out|    1|     ap_ovld|                     window_adjust_2_2_0|       pointer|
|window_adjust_0_0_1_i         |   in|   10|     ap_ovld|                     window_adjust_0_0_1|       pointer|
|window_adjust_0_0_1_o         |  out|   10|     ap_ovld|                     window_adjust_0_0_1|       pointer|
|window_adjust_0_0_1_o_ap_vld  |  out|    1|     ap_ovld|                     window_adjust_0_0_1|       pointer|
|window_adjust_0_2_1_i         |   in|   10|     ap_ovld|                     window_adjust_0_2_1|       pointer|
|window_adjust_0_2_1_o         |  out|   10|     ap_ovld|                     window_adjust_0_2_1|       pointer|
|window_adjust_0_2_1_o_ap_vld  |  out|    1|     ap_ovld|                     window_adjust_0_2_1|       pointer|
|window_adjust_1_0_1_i         |   in|   10|     ap_ovld|                     window_adjust_1_0_1|       pointer|
|window_adjust_1_0_1_o         |  out|   10|     ap_ovld|                     window_adjust_1_0_1|       pointer|
|window_adjust_1_0_1_o_ap_vld  |  out|    1|     ap_ovld|                     window_adjust_1_0_1|       pointer|
|window_adjust_1_2_1_i         |   in|   10|     ap_ovld|                     window_adjust_1_2_1|       pointer|
|window_adjust_1_2_1_o         |  out|   10|     ap_ovld|                     window_adjust_1_2_1|       pointer|
|window_adjust_1_2_1_o_ap_vld  |  out|    1|     ap_ovld|                     window_adjust_1_2_1|       pointer|
|window_adjust_2_0_1_i         |   in|   10|     ap_ovld|                     window_adjust_2_0_1|       pointer|
|window_adjust_2_0_1_o         |  out|   10|     ap_ovld|                     window_adjust_2_0_1|       pointer|
|window_adjust_2_0_1_o_ap_vld  |  out|    1|     ap_ovld|                     window_adjust_2_0_1|       pointer|
|window_adjust_2_2_1_i         |   in|   10|     ap_ovld|                     window_adjust_2_2_1|       pointer|
|window_adjust_2_2_1_o         |  out|   10|     ap_ovld|                     window_adjust_2_2_1|       pointer|
|window_adjust_2_2_1_o_ap_vld  |  out|    1|     ap_ovld|                     window_adjust_2_2_1|       pointer|
|window_adjust_0_0_2_i         |   in|   10|     ap_ovld|                     window_adjust_0_0_2|       pointer|
|window_adjust_0_0_2_o         |  out|   10|     ap_ovld|                     window_adjust_0_0_2|       pointer|
|window_adjust_0_0_2_o_ap_vld  |  out|    1|     ap_ovld|                     window_adjust_0_0_2|       pointer|
|window_adjust_0_2_2_i         |   in|   10|     ap_ovld|                     window_adjust_0_2_2|       pointer|
|window_adjust_0_2_2_o         |  out|   10|     ap_ovld|                     window_adjust_0_2_2|       pointer|
|window_adjust_0_2_2_o_ap_vld  |  out|    1|     ap_ovld|                     window_adjust_0_2_2|       pointer|
|window_adjust_1_0_2_i         |   in|   10|     ap_ovld|                     window_adjust_1_0_2|       pointer|
|window_adjust_1_0_2_o         |  out|   10|     ap_ovld|                     window_adjust_1_0_2|       pointer|
|window_adjust_1_0_2_o_ap_vld  |  out|    1|     ap_ovld|                     window_adjust_1_0_2|       pointer|
|window_adjust_1_2_2_i         |   in|   10|     ap_ovld|                     window_adjust_1_2_2|       pointer|
|window_adjust_1_2_2_o         |  out|   10|     ap_ovld|                     window_adjust_1_2_2|       pointer|
|window_adjust_1_2_2_o_ap_vld  |  out|    1|     ap_ovld|                     window_adjust_1_2_2|       pointer|
|window_adjust_2_0_2_i         |   in|   10|     ap_ovld|                     window_adjust_2_0_2|       pointer|
|window_adjust_2_0_2_o         |  out|   10|     ap_ovld|                     window_adjust_2_0_2|       pointer|
|window_adjust_2_0_2_o_ap_vld  |  out|    1|     ap_ovld|                     window_adjust_2_0_2|       pointer|
|window_adjust_2_2_2_i         |   in|   10|     ap_ovld|                     window_adjust_2_2_2|       pointer|
|window_adjust_2_2_2_o         |  out|   10|     ap_ovld|                     window_adjust_2_2_2|       pointer|
|window_adjust_2_2_2_o_ap_vld  |  out|    1|     ap_ovld|                     window_adjust_2_2_2|       pointer|
|window_adjust_0_0_3_i         |   in|   10|     ap_ovld|                     window_adjust_0_0_3|       pointer|
|window_adjust_0_0_3_o         |  out|   10|     ap_ovld|                     window_adjust_0_0_3|       pointer|
|window_adjust_0_0_3_o_ap_vld  |  out|    1|     ap_ovld|                     window_adjust_0_0_3|       pointer|
|window_adjust_0_2_3_i         |   in|   10|     ap_ovld|                     window_adjust_0_2_3|       pointer|
|window_adjust_0_2_3_o         |  out|   10|     ap_ovld|                     window_adjust_0_2_3|       pointer|
|window_adjust_0_2_3_o_ap_vld  |  out|    1|     ap_ovld|                     window_adjust_0_2_3|       pointer|
|window_adjust_1_0_3_i         |   in|   10|     ap_ovld|                     window_adjust_1_0_3|       pointer|
|window_adjust_1_0_3_o         |  out|   10|     ap_ovld|                     window_adjust_1_0_3|       pointer|
|window_adjust_1_0_3_o_ap_vld  |  out|    1|     ap_ovld|                     window_adjust_1_0_3|       pointer|
|window_adjust_1_2_3_i         |   in|   10|     ap_ovld|                     window_adjust_1_2_3|       pointer|
|window_adjust_1_2_3_o         |  out|   10|     ap_ovld|                     window_adjust_1_2_3|       pointer|
|window_adjust_1_2_3_o_ap_vld  |  out|    1|     ap_ovld|                     window_adjust_1_2_3|       pointer|
|window_adjust_2_0_3_i         |   in|   10|     ap_ovld|                     window_adjust_2_0_3|       pointer|
|window_adjust_2_0_3_o         |  out|   10|     ap_ovld|                     window_adjust_2_0_3|       pointer|
|window_adjust_2_0_3_o_ap_vld  |  out|    1|     ap_ovld|                     window_adjust_2_0_3|       pointer|
|window_adjust_2_2_3_i         |   in|   10|     ap_ovld|                     window_adjust_2_2_3|       pointer|
|window_adjust_2_2_3_o         |  out|   10|     ap_ovld|                     window_adjust_2_2_3|       pointer|
|window_adjust_2_2_3_o_ap_vld  |  out|    1|     ap_ovld|                     window_adjust_2_2_3|       pointer|
|window_adjust_0_0_4_i         |   in|   10|     ap_ovld|                     window_adjust_0_0_4|       pointer|
|window_adjust_0_0_4_o         |  out|   10|     ap_ovld|                     window_adjust_0_0_4|       pointer|
|window_adjust_0_0_4_o_ap_vld  |  out|    1|     ap_ovld|                     window_adjust_0_0_4|       pointer|
|window_adjust_0_2_4_i         |   in|   10|     ap_ovld|                     window_adjust_0_2_4|       pointer|
|window_adjust_0_2_4_o         |  out|   10|     ap_ovld|                     window_adjust_0_2_4|       pointer|
|window_adjust_0_2_4_o_ap_vld  |  out|    1|     ap_ovld|                     window_adjust_0_2_4|       pointer|
|window_adjust_1_0_4_i         |   in|   10|     ap_ovld|                     window_adjust_1_0_4|       pointer|
|window_adjust_1_0_4_o         |  out|   10|     ap_ovld|                     window_adjust_1_0_4|       pointer|
|window_adjust_1_0_4_o_ap_vld  |  out|    1|     ap_ovld|                     window_adjust_1_0_4|       pointer|
|window_adjust_1_2_4_i         |   in|   10|     ap_ovld|                     window_adjust_1_2_4|       pointer|
|window_adjust_1_2_4_o         |  out|   10|     ap_ovld|                     window_adjust_1_2_4|       pointer|
|window_adjust_1_2_4_o_ap_vld  |  out|    1|     ap_ovld|                     window_adjust_1_2_4|       pointer|
|window_adjust_2_0_4_i         |   in|   10|     ap_ovld|                     window_adjust_2_0_4|       pointer|
|window_adjust_2_0_4_o         |  out|   10|     ap_ovld|                     window_adjust_2_0_4|       pointer|
|window_adjust_2_0_4_o_ap_vld  |  out|    1|     ap_ovld|                     window_adjust_2_0_4|       pointer|
|window_adjust_2_2_4_i         |   in|   10|     ap_ovld|                     window_adjust_2_2_4|       pointer|
|window_adjust_2_2_4_o         |  out|   10|     ap_ovld|                     window_adjust_2_2_4|       pointer|
|window_adjust_2_2_4_o_ap_vld  |  out|    1|     ap_ovld|                     window_adjust_2_2_4|       pointer|
|window_adjust_0_0_5_i         |   in|   10|     ap_ovld|                     window_adjust_0_0_5|       pointer|
|window_adjust_0_0_5_o         |  out|   10|     ap_ovld|                     window_adjust_0_0_5|       pointer|
|window_adjust_0_0_5_o_ap_vld  |  out|    1|     ap_ovld|                     window_adjust_0_0_5|       pointer|
|window_adjust_0_2_5_i         |   in|   10|     ap_ovld|                     window_adjust_0_2_5|       pointer|
|window_adjust_0_2_5_o         |  out|   10|     ap_ovld|                     window_adjust_0_2_5|       pointer|
|window_adjust_0_2_5_o_ap_vld  |  out|    1|     ap_ovld|                     window_adjust_0_2_5|       pointer|
|window_adjust_1_0_5_i         |   in|   10|     ap_ovld|                     window_adjust_1_0_5|       pointer|
|window_adjust_1_0_5_o         |  out|   10|     ap_ovld|                     window_adjust_1_0_5|       pointer|
|window_adjust_1_0_5_o_ap_vld  |  out|    1|     ap_ovld|                     window_adjust_1_0_5|       pointer|
|window_adjust_1_2_5_i         |   in|   10|     ap_ovld|                     window_adjust_1_2_5|       pointer|
|window_adjust_1_2_5_o         |  out|   10|     ap_ovld|                     window_adjust_1_2_5|       pointer|
|window_adjust_1_2_5_o_ap_vld  |  out|    1|     ap_ovld|                     window_adjust_1_2_5|       pointer|
|window_adjust_2_0_5_i         |   in|   10|     ap_ovld|                     window_adjust_2_0_5|       pointer|
|window_adjust_2_0_5_o         |  out|   10|     ap_ovld|                     window_adjust_2_0_5|       pointer|
|window_adjust_2_0_5_o_ap_vld  |  out|    1|     ap_ovld|                     window_adjust_2_0_5|       pointer|
|window_adjust_2_2_5_i         |   in|   10|     ap_ovld|                     window_adjust_2_2_5|       pointer|
|window_adjust_2_2_5_o         |  out|   10|     ap_ovld|                     window_adjust_2_2_5|       pointer|
|window_adjust_2_2_5_o_ap_vld  |  out|    1|     ap_ovld|                     window_adjust_2_2_5|       pointer|
|window_adjust_0_0_6_i         |   in|   10|     ap_ovld|                     window_adjust_0_0_6|       pointer|
|window_adjust_0_0_6_o         |  out|   10|     ap_ovld|                     window_adjust_0_0_6|       pointer|
|window_adjust_0_0_6_o_ap_vld  |  out|    1|     ap_ovld|                     window_adjust_0_0_6|       pointer|
|window_adjust_0_2_6_i         |   in|   10|     ap_ovld|                     window_adjust_0_2_6|       pointer|
|window_adjust_0_2_6_o         |  out|   10|     ap_ovld|                     window_adjust_0_2_6|       pointer|
|window_adjust_0_2_6_o_ap_vld  |  out|    1|     ap_ovld|                     window_adjust_0_2_6|       pointer|
|window_adjust_1_0_6_i         |   in|   10|     ap_ovld|                     window_adjust_1_0_6|       pointer|
|window_adjust_1_0_6_o         |  out|   10|     ap_ovld|                     window_adjust_1_0_6|       pointer|
|window_adjust_1_0_6_o_ap_vld  |  out|    1|     ap_ovld|                     window_adjust_1_0_6|       pointer|
|window_adjust_1_2_6_i         |   in|   10|     ap_ovld|                     window_adjust_1_2_6|       pointer|
|window_adjust_1_2_6_o         |  out|   10|     ap_ovld|                     window_adjust_1_2_6|       pointer|
|window_adjust_1_2_6_o_ap_vld  |  out|    1|     ap_ovld|                     window_adjust_1_2_6|       pointer|
|window_adjust_2_0_6_i         |   in|   10|     ap_ovld|                     window_adjust_2_0_6|       pointer|
|window_adjust_2_0_6_o         |  out|   10|     ap_ovld|                     window_adjust_2_0_6|       pointer|
|window_adjust_2_0_6_o_ap_vld  |  out|    1|     ap_ovld|                     window_adjust_2_0_6|       pointer|
|window_adjust_2_2_6_i         |   in|   10|     ap_ovld|                     window_adjust_2_2_6|       pointer|
|window_adjust_2_2_6_o         |  out|   10|     ap_ovld|                     window_adjust_2_2_6|       pointer|
|window_adjust_2_2_6_o_ap_vld  |  out|    1|     ap_ovld|                     window_adjust_2_2_6|       pointer|
|window_adjust_0_0_7_i         |   in|   10|     ap_ovld|                     window_adjust_0_0_7|       pointer|
|window_adjust_0_0_7_o         |  out|   10|     ap_ovld|                     window_adjust_0_0_7|       pointer|
|window_adjust_0_0_7_o_ap_vld  |  out|    1|     ap_ovld|                     window_adjust_0_0_7|       pointer|
|window_adjust_0_2_7_i         |   in|   10|     ap_ovld|                     window_adjust_0_2_7|       pointer|
|window_adjust_0_2_7_o         |  out|   10|     ap_ovld|                     window_adjust_0_2_7|       pointer|
|window_adjust_0_2_7_o_ap_vld  |  out|    1|     ap_ovld|                     window_adjust_0_2_7|       pointer|
|window_adjust_1_0_7_i         |   in|   10|     ap_ovld|                     window_adjust_1_0_7|       pointer|
|window_adjust_1_0_7_o         |  out|   10|     ap_ovld|                     window_adjust_1_0_7|       pointer|
|window_adjust_1_0_7_o_ap_vld  |  out|    1|     ap_ovld|                     window_adjust_1_0_7|       pointer|
|window_adjust_1_2_7_i         |   in|   10|     ap_ovld|                     window_adjust_1_2_7|       pointer|
|window_adjust_1_2_7_o         |  out|   10|     ap_ovld|                     window_adjust_1_2_7|       pointer|
|window_adjust_1_2_7_o_ap_vld  |  out|    1|     ap_ovld|                     window_adjust_1_2_7|       pointer|
|window_adjust_2_0_7_i         |   in|   10|     ap_ovld|                     window_adjust_2_0_7|       pointer|
|window_adjust_2_0_7_o         |  out|   10|     ap_ovld|                     window_adjust_2_0_7|       pointer|
|window_adjust_2_0_7_o_ap_vld  |  out|    1|     ap_ovld|                     window_adjust_2_0_7|       pointer|
|window_adjust_2_2_7_i         |   in|   10|     ap_ovld|                     window_adjust_2_2_7|       pointer|
|window_adjust_2_2_7_o         |  out|   10|     ap_ovld|                     window_adjust_2_2_7|       pointer|
|window_adjust_2_2_7_o_ap_vld  |  out|    1|     ap_ovld|                     window_adjust_2_2_7|       pointer|
|linebuf_0_0_address0          |  out|    7|   ap_memory|                             linebuf_0_0|         array|
|linebuf_0_0_ce0               |  out|    1|   ap_memory|                             linebuf_0_0|         array|
|linebuf_0_0_we0               |  out|    1|   ap_memory|                             linebuf_0_0|         array|
|linebuf_0_0_d0                |  out|   80|   ap_memory|                             linebuf_0_0|         array|
|linebuf_0_0_q0                |   in|   80|   ap_memory|                             linebuf_0_0|         array|
|linebuf_0_0_address1          |  out|    7|   ap_memory|                             linebuf_0_0|         array|
|linebuf_0_0_ce1               |  out|    1|   ap_memory|                             linebuf_0_0|         array|
|linebuf_0_0_q1                |   in|   80|   ap_memory|                             linebuf_0_0|         array|
|linebuf_1_0_address0          |  out|    7|   ap_memory|                             linebuf_1_0|         array|
|linebuf_1_0_ce0               |  out|    1|   ap_memory|                             linebuf_1_0|         array|
|linebuf_1_0_we0               |  out|    1|   ap_memory|                             linebuf_1_0|         array|
|linebuf_1_0_d0                |  out|   80|   ap_memory|                             linebuf_1_0|         array|
|linebuf_1_0_q0                |   in|   80|   ap_memory|                             linebuf_1_0|         array|
|linebuf_1_0_address1          |  out|    7|   ap_memory|                             linebuf_1_0|         array|
|linebuf_1_0_ce1               |  out|    1|   ap_memory|                             linebuf_1_0|         array|
|linebuf_1_0_q1                |   in|   80|   ap_memory|                             linebuf_1_0|         array|
|linebuf_2_0_address0          |  out|    7|   ap_memory|                             linebuf_2_0|         array|
|linebuf_2_0_ce0               |  out|    1|   ap_memory|                             linebuf_2_0|         array|
|linebuf_2_0_we0               |  out|    1|   ap_memory|                             linebuf_2_0|         array|
|linebuf_2_0_d0                |  out|   80|   ap_memory|                             linebuf_2_0|         array|
|linebuf_2_0_q0                |   in|   80|   ap_memory|                             linebuf_2_0|         array|
|linebuf_2_0_address1          |  out|    7|   ap_memory|                             linebuf_2_0|         array|
|linebuf_2_0_ce1               |  out|    1|   ap_memory|                             linebuf_2_0|         array|
|linebuf_2_0_q1                |   in|   80|   ap_memory|                             linebuf_2_0|         array|
|linebuf_1_1_address0          |  out|    7|   ap_memory|                             linebuf_1_1|         array|
|linebuf_1_1_ce0               |  out|    1|   ap_memory|                             linebuf_1_1|         array|
|linebuf_1_1_we0               |  out|    1|   ap_memory|                             linebuf_1_1|         array|
|linebuf_1_1_d0                |  out|   80|   ap_memory|                             linebuf_1_1|         array|
|linebuf_1_1_q0                |   in|   80|   ap_memory|                             linebuf_1_1|         array|
|linebuf_1_1_address1          |  out|    7|   ap_memory|                             linebuf_1_1|         array|
|linebuf_1_1_ce1               |  out|    1|   ap_memory|                             linebuf_1_1|         array|
|linebuf_1_1_q1                |   in|   80|   ap_memory|                             linebuf_1_1|         array|
|linebuf_2_1_address0          |  out|    7|   ap_memory|                             linebuf_2_1|         array|
|linebuf_2_1_ce0               |  out|    1|   ap_memory|                             linebuf_2_1|         array|
|linebuf_2_1_we0               |  out|    1|   ap_memory|                             linebuf_2_1|         array|
|linebuf_2_1_d0                |  out|   80|   ap_memory|                             linebuf_2_1|         array|
|linebuf_2_1_q0                |   in|   80|   ap_memory|                             linebuf_2_1|         array|
|linebuf_2_1_address1          |  out|    7|   ap_memory|                             linebuf_2_1|         array|
|linebuf_2_1_ce1               |  out|    1|   ap_memory|                             linebuf_2_1|         array|
|linebuf_2_1_q1                |   in|   80|   ap_memory|                             linebuf_2_1|         array|
|linebuf_0_1_address0          |  out|    7|   ap_memory|                             linebuf_0_1|         array|
|linebuf_0_1_ce0               |  out|    1|   ap_memory|                             linebuf_0_1|         array|
|linebuf_0_1_we0               |  out|    1|   ap_memory|                             linebuf_0_1|         array|
|linebuf_0_1_d0                |  out|   80|   ap_memory|                             linebuf_0_1|         array|
|linebuf_0_1_q0                |   in|   80|   ap_memory|                             linebuf_0_1|         array|
|linebuf_0_1_address1          |  out|    7|   ap_memory|                             linebuf_0_1|         array|
|linebuf_0_1_ce1               |  out|    1|   ap_memory|                             linebuf_0_1|         array|
|linebuf_0_1_q1                |   in|   80|   ap_memory|                             linebuf_0_1|         array|
+------------------------------+-----+-----+------------+----------------------------------------+--------------+

